// Jest Snapshot v1, https://goo.gl/fbAQLP

exports[`App snapshot renders 1`] = `
<div>
  <div>
    <div>
      Wednesday
    </div>
    <div>
      January
    </div>
    <div>
      28
    </div>
    <div>
      Thursday
    </div>
    <div>
      January
    </div>
    <div>
      29
    </div>
    <div>
      Friday
    </div>
    <div>
      January
    </div>
    <div>
      30
    </div>
    <div>
      Saturday
    </div>
    <div>
      January
    </div>
    <div>
      31
    </div>
    <div>
      Sunday
    </div>
    <div>
      February
    </div>
    <div>
      1
    </div>
    <div>
      Monday
    </div>
    <div>
      February
    </div>
    <div>
      2
    </div>
    <div>
      Tuesday
    </div>
    <div>
      February
    </div>
    <div>
      3
    </div>
    <div>
      Wednesday
    </div>
    <div>
      February
    </div>
    <div>
      4
    </div>
    <div>
      Thursday
    </div>
    <div>
      February
    </div>
    <div>
      5
    </div>
    <div>
      Friday
    </div>
    <div>
      February
    </div>
    <div>
      6
    </div>
    <div>
      Saturday
    </div>
    <div>
      February
    </div>
    <div>
      7
    </div>
    <div>
      Sunday
    </div>
    <div>
      February
    </div>
    <div>
      8
    </div>
    <div>
      Monday
    </div>
    <div>
      February
    </div>
    <div>
      9
    </div>
    <div>
      Tuesday
    </div>
    <div>
      February
    </div>
    <div>
      10
    </div>
  </div>
  <p>
    Hello
  </p>
</div>
`;
